// Jest Snapshot v1, https://goo.gl/fbAQLP

exports[`creates card element renders correctly 1`] = `
<div>
  <section
    class="card"
    data-testid="3498"
  >
    <img
      alt="Image of Grand Theft Auto V"
      height="144"
      src="https://media.rawg.io/media/games/456/456dea5e1c7e3cd07060c14e96612001.jpg"
      width="256"
    />
    <h2>
      Grand Theft Auto V
    </h2>
    <p>
      Metacritic Score: 91
    </p>
    <p>
      44.70
    </p>
    <button>
      Add To Cart
    </button>
     // TODO: replace with AddToCart component
  </section>
</div>
`;
